
================================
          TICKETFLOW
================================
1. Iniciar como Usuario
2. Iniciar como Administrador
3. Salir
Seleccione una opci�n: 
--- Men� Usuario (Juan Perez) ---
1. Crear ticket
2. Ver mis tickets
3. Buscar uno de mis tickets
4. Ver detalle de un ticket
5. Salir
Seleccione una opci�n: 
--- Crear Nuevo Ticket ---
Equipos disponibles:
- EQ-001: PC-001
- EQ-002: PC-002
- EQ-003: PC-003
- EQ-004: Impresora-001
Ingrese ID del equipo afectado: Ingrese tipo de incidencia: Ingrese descripci�n: Prioridades: 1. BAJA, 2. MEDIA, 3. ALTA, 4. CRITICA
Seleccione prioridad (1-4): �Ticket creado exitosamente!

--- Men� Usuario (Juan Perez) ---
1. Crear ticket
2. Ver mis tickets
3. Buscar uno de mis tickets
4. Ver detalle de un ticket
5. Salir
Seleccione una opci�n: 
--- Lista de Tickets ---
[#1] Fallo de red - PENDIENTE - MEDIA

--- Men� Usuario (Juan Perez) ---
1. Crear ticket
2. Ver mis tickets
3. Buscar uno de mis tickets
4. Ver detalle de un ticket
5. Salir
Seleccione una opci�n: Ingrese ID del ticket a buscar: Ticket encontrado: [#1] Fallo de red (PENDIENTE)

--- Men� Usuario (Juan Perez) ---
1. Crear ticket
2. Ver mis tickets
3. Buscar uno de mis tickets
4. Ver detalle de un ticket
5. Salir
Seleccione una opci�n: Ingrese ID del ticket para ver detalle: 
--- Detalle del Ticket #1 ---
Usuario: USR-001
Equipo: EQ-001
Tipo: Fallo de red
Descripci�n: Sin internet
Prioridad: MEDIA
Estado: PENDIENTE
Fecha Creaci�n: 2026-09-20 14:24:50

--- Men� Usuario (Juan Perez) ---
1. Crear ticket
2. Ver mis tickets
3. Buscar uno de mis tickets
4. Ver detalle de un ticket
5. Salir
Seleccione una opci�n: 
================================
          TICKETFLOW
================================
1. Iniciar como Usuario
2. Iniciar como Administrador
3. Salir
Seleccione una opci�n: 
--- Men� Administrador (Admin General) ---
1. Crear ticket
2. Listar todos los tickets
3. Buscar ticket
4. Ver detalle
5. Actualizar ticket (Descripci�n)
6. Cambiar estado
7. Cambiar prioridad
8. Eliminar ticket
9. Generar reporte
10. Salir
Seleccione una opci�n: 
--- Lista de Tickets ---
[#1] Fallo de red - PENDIENTE - MEDIA

--- Men� Administrador (Admin General) ---
1. Crear ticket
2. Listar todos los tickets
3. Buscar ticket
4. Ver detalle
5. Actualizar ticket (Descripci�n)
6. Cambiar estado
7. Cambiar prioridad
8. Eliminar ticket
9. Generar reporte
10. Salir
Seleccione una opci�n: Ingrese ID del ticket a buscar: Ticket encontrado: [#1] Fallo de red (PENDIENTE)

--- Men� Administrador (Admin General) ---
1. Crear ticket
2. Listar todos los tickets
3. Buscar ticket
4. Ver detalle
5. Actualizar ticket (Descripci�n)
6. Cambiar estado
7. Cambiar prioridad
8. Eliminar ticket
9. Generar reporte
10. Salir
Seleccione una opci�n: Ingrese ID del ticket para ver detalle: 
--- Detalle del Ticket #1 ---
Usuario: USR-001
Equipo: EQ-001
Tipo: Fallo de red
Descripci�n: Sin internet
Prioridad: MEDIA
Estado: PENDIENTE
Fecha Creaci�n: 2026-09-20 14:24:50

--- Men� Administrador (Admin General) ---
1. Crear ticket
2. Listar todos los tickets
3. Buscar ticket
4. Ver detalle
5. Actualizar ticket (Descripci�n)
6. Cambiar estado
7. Cambiar prioridad
8. Eliminar ticket
9. Generar reporte
10. Salir
Seleccione una opci�n: Ingrese ID del ticket a actualizar: Ingrese nueva descripci�n (actual: Sin internet): Ticket actualizado correctamente.

--- Men� Administrador (Admin General) ---
1. Crear ticket
2. Listar todos los tickets
3. Buscar ticket
4. Ver detalle
5. Actualizar ticket (Descripci�n)
6. Cambiar estado
7. Cambiar prioridad
8. Eliminar ticket
9. Generar reporte
10. Salir
Seleccione una opci�n: Ingrese ID del ticket para ver detalle: 
--- Detalle del Ticket #1 ---
Usuario: USR-001
Equipo: EQ-001
Tipo: Fallo de red
Descripci�n: Ya hay internet
Prioridad: MEDIA
Estado: PENDIENTE
Fecha Creaci�n: 2026-09-20 14:24:50

--- Men� Administrador (Admin General) ---
1. Crear ticket
2. Listar todos los tickets
3. Buscar ticket
4. Ver detalle
5. Actualizar ticket (Descripci�n)
6. Cambiar estado
7. Cambiar prioridad
8. Eliminar ticket
9. Generar reporte
10. Salir
Seleccione una opci�n: Ingrese ID del ticket: Estados: 1. PENDIENTE, 2. EN_PROCESO, 3. SOLUCIONADO
Seleccione nuevo estado (1-3): Estado actualizado correctamente a SOLUCIONADO.

--- Men� Administrador (Admin General) ---
1. Crear ticket
2. Listar todos los tickets
3. Buscar ticket
4. Ver detalle
5. Actualizar ticket (Descripci�n)
6. Cambiar estado
7. Cambiar prioridad
8. Eliminar ticket
9. Generar reporte
10. Salir
Seleccione una opci�n: Ingrese ID del ticket para ver detalle: 
--- Detalle del Ticket #1 ---
Usuario: USR-001
Equipo: EQ-001
Tipo: Fallo de red
Descripci�n: Ya hay internet
Prioridad: MEDIA
Estado: SOLUCIONADO
Fecha Creaci�n: 2026-09-20 14:24:50

--- Men� Administrador (Admin General) ---
1. Crear ticket
2. Listar todos los tickets
3. Buscar ticket
4. Ver detalle
5. Actualizar ticket (Descripci�n)
6. Cambiar estado
7. Cambiar prioridad
8. Eliminar ticket
9. Generar reporte
10. Salir
Seleccione una opci�n: Ingrese ID del ticket: Prioridades: 1. BAJA, 2. MEDIA, 3. ALTA, 4. CRITICA
Seleccione nueva prioridad (1-4): Prioridad actualizada correctamente a ALTA.

--- Men� Administrador (Admin General) ---
1. Crear ticket
2. Listar todos los tickets
3. Buscar ticket
4. Ver detalle
5. Actualizar ticket (Descripci�n)
6. Cambiar estado
7. Cambiar prioridad
8. Eliminar ticket
9. Generar reporte
10. Salir
Seleccione una opci�n: Ingrese ID del ticket para ver detalle: 
--- Detalle del Ticket #1 ---
Usuario: USR-001
Equipo: EQ-001
Tipo: Fallo de red
Descripci�n: Ya hay internet
Prioridad: ALTA
Estado: SOLUCIONADO
Fecha Creaci�n: 2026-09-20 14:24:50

--- Men� Administrador (Admin General) ---
1. Crear ticket
2. Listar todos los tickets
3. Buscar ticket
4. Ver detalle
5. Actualizar ticket (Descripci�n)
6. Cambiar estado
7. Cambiar prioridad
8. Eliminar ticket
9. Generar reporte
10. Salir
Seleccione una opci�n: ================================
       REPORTE TICKETFLOW
================================
Total de tickets: 1

Pendientes: 0
En proceso: 0
Solucionados: 1

Cr�ticos: 0

Prioridad Alta: 1
Prioridad Media: 0
Prioridad Baja: 0

Equipo con m�s incidencias: EQ-001
================================

--- Men� Administrador (Admin General) ---
1. Crear ticket
2. Listar todos los tickets
3. Buscar ticket
4. Ver detalle
5. Actualizar ticket (Descripci�n)
6. Cambiar estado
7. Cambiar prioridad
8. Eliminar ticket
9. Generar reporte
10. Salir
Seleccione una opci�n: Ingrese ID del ticket a eliminar: Ticket eliminado exitosamente.

--- Men� Administrador (Admin General) ---
1. Crear ticket
2. Listar todos los tickets
3. Buscar ticket
4. Ver detalle
5. Actualizar ticket (Descripci�n)
6. Cambiar estado
7. Cambiar prioridad
8. Eliminar ticket
9. Generar reporte
10. Salir
Seleccione una opci�n: No hay tickets para mostrar.

--- Men� Administrador (Admin General) ---
1. Crear ticket
2. Listar todos los tickets
3. Buscar ticket
4. Ver detalle
5. Actualizar ticket (Descripci�n)
6. Cambiar estado
7. Cambiar prioridad
8. Eliminar ticket
9. Generar reporte
10. Salir
Seleccione una opci�n: ================================
       REPORTE TICKETFLOW
================================
Total de tickets: 0

Pendientes: 0
En proceso: 0
Solucionados: 0

Cr�ticos: 0

Prioridad Alta: 0
Prioridad Media: 0
Prioridad Baja: 0

Equipo con m�s incidencias: Ninguno
================================

--- Men� Administrador (Admin General) ---
1. Crear ticket
2. Listar todos los tickets
3. Buscar ticket
4. Ver detalle
5. Actualizar ticket (Descripci�n)
6. Cambiar estado
7. Cambiar prioridad
8. Eliminar ticket
9. Generar reporte
10. Salir
Seleccione una opci�n: 
================================
          TICKETFLOW
================================
1. Iniciar como Usuario
2. Iniciar como Administrador
3. Salir
Seleccione una opci�n: Saliendo del sistema...
